-rw------- 1 user user 0 test_file.sh
-rwxrwxrwx 1 user user 0 test_file.sh
