/home/tests
/home
cd: no such file or directory: /nonexistent_dir
/home
