io_files, new_directory, run_tests.sh
io_files, run_tests.sh
