HelloWorld
var: invalid characters for variable INVALID_VAR-1
